// Jest Snapshot v1, https://goo.gl/fbAQLP

exports[`render component Navigation 1`] = `
<nav
  className="navigation-bar"
>
  <div
    className="btn home-btn"
  >
    <NavLink
      activeClassName="navigation-active"
      exact={true}
      to="/"
    >
      Home page
    </NavLink>
  </div>
  <div
    className="btn list-btn"
  >
    <NavLink
      activeClassName="navigation-active"
      to="/books"
    >
      List
    </NavLink>
  </div>
  <div
    className="btn add-btn"
  >
    <NavLink
      activeClassName="navigation-active"
      to="/addbook"
    >
      Add
    </NavLink>
  </div>
</nav>
`;
