// Jest Snapshot v1, https://goo.gl/fbAQLP

exports[`Add book render empty component Add book 1`] = `
<div>
  <p>
    test
  </p>
  <form>
    <Field
      component="input"
      name="author"
    />
    <Field
      component="input"
      name="title"
    />
    <Field
      component="input"
      name="abstract"
    />
    <Field
      component="input"
      name="itemType"
    />
  </form>
</div>
`;
